<html>
<body>
<pre>
<h1>µVision Build Log</h1>
<h2>Project:</h2>
D:\Work\Arm\stm32-tft\Project\stm32d.uvproj
Project File Date:  03/18/2014

<h2>Output:</h2>
Build target 'stm32-lcd'
compiling lcd.c...
..\User\lcd.c(131): warning:  #177-D: variable "test" was declared but never referenced
      u16 test;
..\User\lcd.c(216): warning:  #177-D: variable "t" was declared but never referenced
      u16 t = 0x0000;
..\User\lcd.c: 2 warnings, 0 errors
linking...
Program Size: Code=5360 RO-data=336 RW-data=44 ZI-data=1636  
FromELF: creating hex file...
".\Output\stm32d.axf" - 0 Error(s), 2 Warning(s).
</pre>
</body>
</html>
-tft\\Project\\Output\\stm32d.axf" 
Erase Done.
Programming Done.
Verify OK.
Programming Done.
Verify OK.
